2026-03-21 15:23:56 [ERROR] API-GATEWAY: Rate limiter error {"error":"rateLimiterScript is not defined"}
2026-03-21 15:23:56 [ERROR] API-GATEWAY: Rate limiter error {"error":"rateLimiterScript is not defined"}
2026-03-21 15:24:00 [ERROR] API-GATEWAY: Rate limiter error {"error":"rateLimiterScript is not defined"}
2026-03-21 15:24:00 [ERROR] API-GATEWAY: Rate limiter error {"error":"rateLimiterScript is not defined"}
2026-03-21 15:24:02 [ERROR] API-GATEWAY: Rate limiter error {"error":"rateLimiterScript is not defined"}
2026-03-21 16:17:17 [ERROR] API-GATEWAY: POST /api/userAuth/send-otp - 500 {"method":"POST","path":"/api/userAuth/send-otp","statusCode":500,"duration":"1107ms","ip":"::1","userAgent":"PostmanRuntime/7.52.0"}
2026-03-21 16:18:07 [ERROR] API-GATEWAY: POST /api/userAuth/send-otp - 500 {"method":"POST","path":"/api/userAuth/send-otp","statusCode":500,"duration":"6ms","ip":"::1","userAgent":"PostmanRuntime/7.52.0"}
2026-03-21 16:19:06 [ERROR] API-GATEWAY: POST /api/userAuth/send-otp - 500 {"method":"POST","path":"/api/userAuth/send-otp","statusCode":500,"duration":"5ms","ip":"::1","userAgent":"PostmanRuntime/7.52.0"}
2026-03-21 17:41:51 [ERROR] API-GATEWAY: GET /api/user/ - 504 {"method":"GET","path":"/api/user/","statusCode":504,"duration":"5ms","ip":"::1","userAgent":"PostmanRuntime/7.52.0"}
2026-03-21 17:42:12 [ERROR] API-GATEWAY: PATCH /api/user/9bd2cd4c4fa6daa41a51a3b - 504 {"method":"PATCH","path":"/api/user/9bd2cd4c4fa6daa41a51a3b","statusCode":504,"duration":"3ms","ip":"::1","userAgent":"PostmanRuntime/7.52.0"}
2026-03-21 17:42:44 [ERROR] API-GATEWAY: PATCH /api/user/9bd2cd4c4fa6daa41a51a3b - 504 {"method":"PATCH","path":"/api/user/9bd2cd4c4fa6daa41a51a3b","statusCode":504,"duration":"2ms","ip":"::1","userAgent":"PostmanRuntime/7.52.0"}
2026-03-21 17:43:43 [ERROR] API-GATEWAY: GET /api/user - 504 {"method":"GET","path":"/api/user","statusCode":504,"duration":"3ms","ip":"::1","userAgent":"PostmanRuntime/7.52.0"}
2026-03-21 17:43:48 [ERROR] API-GATEWAY: GET /api/user/ - 504 {"method":"GET","path":"/api/user/","statusCode":504,"duration":"2ms","ip":"::1","userAgent":"PostmanRuntime/7.52.0"}
2026-03-21 17:44:11 [ERROR] API-GATEWAY: GET /api/user/ - 504 {"method":"GET","path":"/api/user/","statusCode":504,"duration":"3ms","ip":"::1","userAgent":"PostmanRuntime/7.52.0"}
2026-03-21 17:47:15 [ERROR] API-GATEWAY: GET /api/user/ - 504 {"method":"GET","path":"/api/user/","statusCode":504,"duration":"2ms","ip":"::1","userAgent":"PostmanRuntime/7.52.0"}
2026-03-21 17:48:55 [ERROR] API-GATEWAY: POST /api/user/phone/9812972024 - 504 {"method":"POST","path":"/api/user/phone/9812972024","statusCode":504,"duration":"2ms","ip":"::1","userAgent":"PostmanRuntime/7.52.0"}
2026-03-21 17:49:07 [ERROR] API-GATEWAY: GET /api/user/phone/9812972024 - 504 {"method":"GET","path":"/api/user/phone/9812972024","statusCode":504,"duration":"2ms","ip":"::1","userAgent":"PostmanRuntime/7.52.0"}
2026-03-21 17:49:10 [ERROR] API-GATEWAY: GET /api/user/phone/9812972024 - 504 {"method":"GET","path":"/api/user/phone/9812972024","statusCode":504,"duration":"3ms","ip":"::1","userAgent":"PostmanRuntime/7.52.0"}
2026-03-21 17:52:20 [ERROR] API-GATEWAY: PATCH /api/user/9bd2cd4c4fa6daa41a51a3b - 500 {"method":"PATCH","path":"/api/user/9bd2cd4c4fa6daa41a51a3b","statusCode":500,"duration":"27ms","ip":"::1","userAgent":"PostmanRuntime/7.52.0"}
2026-03-21 17:52:44 [ERROR] API-GATEWAY: PATCH /api/user/69be7665de2e39994fb50eab - 500 {"method":"PATCH","path":"/api/user/69be7665de2e39994fb50eab","statusCode":500,"duration":"5ms","ip":"::1","userAgent":"PostmanRuntime/7.52.0"}
2026-03-21 17:53:16 [ERROR] API-GATEWAY: PATCH /api/user/9be3d6363db063ba5fa8efc - 500 {"method":"PATCH","path":"/api/user/9be3d6363db063ba5fa8efc","statusCode":500,"duration":"3ms","ip":"::1","userAgent":"PostmanRuntime/7.52.0"}
2026-03-21 17:53:26 [ERROR] API-GATEWAY: PATCH /api/user/69bd2cd4c4fa6daa41a51a3f - 500 {"method":"PATCH","path":"/api/user/69bd2cd4c4fa6daa41a51a3f","statusCode":500,"duration":"4ms","ip":"::1","userAgent":"PostmanRuntime/7.52.0"}
2026-03-21 17:54:11 [ERROR] API-GATEWAY: PATCH /api/user/9bd2cd4c4fa6daa41a51a3e - 500 {"method":"PATCH","path":"/api/user/9bd2cd4c4fa6daa41a51a3e","statusCode":500,"duration":"5ms","ip":"::1","userAgent":"PostmanRuntime/7.52.0"}
2026-03-21 17:54:22 [ERROR] API-GATEWAY: PATCH /api/user/69bd2cd4c4fa6daa41a51a3d - 500 {"method":"PATCH","path":"/api/user/69bd2cd4c4fa6daa41a51a3d","statusCode":500,"duration":"20ms","ip":"::1","userAgent":"PostmanRuntime/7.52.0"}
2026-03-21 17:54:36 [ERROR] API-GATEWAY: PATCH /api/user/69bd2cd4c4fa6daa41a51a3c - 500 {"method":"PATCH","path":"/api/user/69bd2cd4c4fa6daa41a51a3c","statusCode":500,"duration":"15ms","ip":"::1","userAgent":"PostmanRuntime/7.52.0"}
2026-03-21 17:54:54 [ERROR] API-GATEWAY: PATCH /api/user/69bd2cd4c4fa6daa41a51a3b - 500 {"method":"PATCH","path":"/api/user/69bd2cd4c4fa6daa41a51a3b","statusCode":500,"duration":"4ms","ip":"::1","userAgent":"PostmanRuntime/7.52.0"}
2026-03-21 17:55:04 [ERROR] API-GATEWAY: PATCH /api/user/bb73ccba2d0cf8140ba73d - 500 {"method":"PATCH","path":"/api/user/bb73ccba2d0cf8140ba73d","statusCode":500,"duration":"4ms","ip":"::1","userAgent":"PostmanRuntime/7.52.0"}
2026-03-21 17:55:33 [ERROR] API-GATEWAY: PATCH /api/user/69be3d6363db063ba5fa8efc - 500 {"method":"PATCH","path":"/api/user/69be3d6363db063ba5fa8efc","statusCode":500,"duration":"4ms","ip":"::1","userAgent":"PostmanRuntime/7.52.0"}
2026-03-21 17:55:42 [ERROR] API-GATEWAY: PATCH /api/user/69be7665de2e39994fb50eab - 500 {"method":"PATCH","path":"/api/user/69be7665de2e39994fb50eab","statusCode":500,"duration":"3ms","ip":"::1","userAgent":"PostmanRuntime/7.52.0"}
2026-03-21 17:56:07 [ERROR] API-GATEWAY: POST /api/userAuth/send-otp - 504 {"method":"POST","path":"/api/userAuth/send-otp","statusCode":504,"duration":"2ms","ip":"::1","userAgent":"PostmanRuntime/7.52.0"}
2026-03-21 17:57:37 [ERROR] API-GATEWAY: POST /api/userAuth/send-otp - 504 {"method":"POST","path":"/api/userAuth/send-otp","statusCode":504,"duration":"2ms","ip":"::1","userAgent":"PostmanRuntime/7.52.0"}
2026-03-21 18:03:55 [ERROR] API-GATEWAY: POST /api/userAuth/send-otp - 504 {"method":"POST","path":"/api/userAuth/send-otp","statusCode":504,"duration":"3ms","ip":"::1","userAgent":"PostmanRuntime/7.52.0"}
2026-03-21 18:06:01 [ERROR] API-GATEWAY: POST /api/userAuth/send-otp - 504 {"method":"POST","path":"/api/userAuth/send-otp","statusCode":504,"duration":"3ms","ip":"::1","userAgent":"PostmanRuntime/7.52.0"}
