2026-03-21 10:56:56 [INFO]: GET /health - 200 - 3ms 
2026-03-21 11:25:36 [INFO]: GET /api/garage/health - 404 - 4ms 
2026-03-21 11:25:48 [INFO]: GET /api/garage/ - 404 - 0ms 
2026-03-21 11:26:02 [INFO]: GET / - 200 - 11ms 
2026-03-21 11:26:43 [INFO]: GET / - 200 - 3ms 
2026-03-21 11:26:45 [INFO]: GET / - 200 - 1ms 
2026-03-21 11:26:59 [INFO]: GET /approved - 200 - 14ms 
2026-03-21 11:28:05 [INFO]: GET / - 200 - 1ms 
2026-03-21 11:28:17 [ERROR]: [400] request aborted {
  "path": "/api/v1/garage/me",
  "method": "PATCH",
  "error": "BadRequestError: request aborted\n    at IncomingMessage.onAborted (C:\\Users\\aakas\\OneDrive\\Desktop\\e-mistiri\\server\\services\\user-services\\node_modules\\raw-body\\index.js:245:10)\n    at IncomingMessage.emit (node:events:508:28)\n    at IncomingMessage._destroy (node:_http_incoming:221:10)\n    at _destroy (node:internal/streams/destroy:122:10)\n    at IncomingMessage.destroy (node:internal/streams/destroy:84:5)\n    at abortIncoming (node:_http_server:845:9)\n    at socketOnClose (node:_http_server:839:3)\n    at Socket.emit (node:events:520:35)\n    at TCP.<anonymous> (node:net:346:12)"
}
2026-03-21 11:28:42 [INFO]: GET /approved - 200 - 2ms 
2026-03-21 11:29:49 [INFO]: GET /approved - 200 - 2ms 
2026-03-21 11:29:54 [INFO]: GET / - 200 - 2ms 
2026-03-21 11:30:17 [ERROR]: [400] request aborted {
  "path": "/api/v1/garage/health",
  "method": "GET",
  "error": "BadRequestError: request aborted\n    at IncomingMessage.onAborted (C:\\Users\\aakas\\OneDrive\\Desktop\\e-mistiri\\server\\services\\user-services\\node_modules\\raw-body\\index.js:245:10)\n    at IncomingMessage.emit (node:events:508:28)\n    at IncomingMessage._destroy (node:_http_incoming:221:10)\n    at _destroy (node:internal/streams/destroy:122:10)\n    at IncomingMessage.destroy (node:internal/streams/destroy:84:5)\n    at abortIncoming (node:_http_server:845:9)\n    at socketOnClose (node:_http_server:839:3)\n    at Socket.emit (node:events:520:35)\n    at TCP.<anonymous> (node:net:346:12)"
}
2026-03-21 11:30:18 [ERROR]: [400] request aborted {
  "path": "/api/v1/garage/health",
  "method": "PATCH",
  "error": "BadRequestError: request aborted\n    at IncomingMessage.onAborted (C:\\Users\\aakas\\OneDrive\\Desktop\\e-mistiri\\server\\services\\user-services\\node_modules\\raw-body\\index.js:245:10)\n    at IncomingMessage.emit (node:events:508:28)\n    at IncomingMessage._destroy (node:_http_incoming:221:10)\n    at _destroy (node:internal/streams/destroy:122:10)\n    at IncomingMessage.destroy (node:internal/streams/destroy:84:5)\n    at abortIncoming (node:_http_server:845:9)\n    at socketOnClose (node:_http_server:839:3)\n    at Socket.emit (node:events:520:35)\n    at TCP.<anonymous> (node:net:346:12)"
}
2026-03-21 11:32:06 [INFO]: GET / - 200 - 3ms 
2026-03-21 11:32:51 [INFO]: GET / - 200 - 18ms 
2026-03-21 11:33:01 [INFO]: GET /approved - 200 - 4ms 
2026-03-21 11:38:37 [ERROR]: [400] request aborted {
  "path": "/api/v1/garage/health",
  "method": "GET",
  "error": "BadRequestError: request aborted\n    at IncomingMessage.onAborted (C:\\Users\\aakas\\OneDrive\\Desktop\\e-mistiri\\server\\services\\user-services\\node_modules\\raw-body\\index.js:245:10)\n    at IncomingMessage.emit (node:events:508:28)\n    at IncomingMessage._destroy (node:_http_incoming:221:10)\n    at _destroy (node:internal/streams/destroy:122:10)\n    at IncomingMessage.destroy (node:internal/streams/destroy:84:5)\n    at abortIncoming (node:_http_server:845:9)\n    at socketOnClose (node:_http_server:839:3)\n    at Socket.emit (node:events:520:35)\n    at TCP.<anonymous> (node:net:346:12)"
}
2026-03-21 11:39:07 [ERROR]: [400] request aborted {
  "path": "/api/v1/garage/",
  "method": "GET",
  "error": "BadRequestError: request aborted\n    at IncomingMessage.onAborted (C:\\Users\\aakas\\OneDrive\\Desktop\\e-mistiri\\server\\services\\user-services\\node_modules\\raw-body\\index.js:245:10)\n    at IncomingMessage.emit (node:events:508:28)\n    at IncomingMessage._destroy (node:_http_incoming:221:10)\n    at _destroy (node:internal/streams/destroy:122:10)\n    at IncomingMessage.destroy (node:internal/streams/destroy:84:5)\n    at abortIncoming (node:_http_server:845:9)\n    at socketOnClose (node:_http_server:839:3)\n    at Socket.emit (node:events:520:35)\n    at TCP.<anonymous> (node:net:346:12)"
}
2026-03-21 11:41:37 [ERROR]: [400] request aborted {
  "path": "/api/v1/garage/",
  "method": "GET",
  "error": "BadRequestError: request aborted\n    at IncomingMessage.onAborted (C:\\Users\\aakas\\OneDrive\\Desktop\\e-mistiri\\server\\services\\user-services\\node_modules\\raw-body\\index.js:245:10)\n    at IncomingMessage.emit (node:events:508:28)\n    at IncomingMessage._destroy (node:_http_incoming:221:10)\n    at _destroy (node:internal/streams/destroy:122:10)\n    at IncomingMessage.destroy (node:internal/streams/destroy:84:5)\n    at abortIncoming (node:_http_server:845:9)\n    at socketOnClose (node:_http_server:839:3)\n    at Socket.emit (node:events:520:35)\n    at TCP.<anonymous> (node:net:346:12)"
}
2026-03-21 11:43:07 [ERROR]: [400] request aborted {
  "path": "/api/v1/garage/",
  "method": "GET",
  "error": "BadRequestError: request aborted\n    at IncomingMessage.onAborted (C:\\Users\\aakas\\OneDrive\\Desktop\\e-mistiri\\server\\services\\user-services\\node_modules\\raw-body\\index.js:245:10)\n    at IncomingMessage.emit (node:events:508:28)\n    at IncomingMessage._destroy (node:_http_incoming:221:10)\n    at _destroy (node:internal/streams/destroy:122:10)\n    at IncomingMessage.destroy (node:internal/streams/destroy:84:5)\n    at abortIncoming (node:_http_server:845:9)\n    at socketOnClose (node:_http_server:839:3)\n    at Socket.emit (node:events:520:35)\n    at TCP.<anonymous> (node:net:346:12)"
}
2026-03-21 11:43:36 [ERROR]: [400] request aborted {
  "path": "/api/v1/garage/",
  "method": "GET",
  "error": "BadRequestError: request aborted\n    at IncomingMessage.onAborted (C:\\Users\\aakas\\OneDrive\\Desktop\\e-mistiri\\server\\services\\user-services\\node_modules\\raw-body\\index.js:245:10)\n    at IncomingMessage.emit (node:events:508:28)\n    at IncomingMessage._destroy (node:_http_incoming:221:10)\n    at _destroy (node:internal/streams/destroy:122:10)\n    at IncomingMessage.destroy (node:internal/streams/destroy:84:5)\n    at abortIncoming (node:_http_server:845:9)\n    at socketOnClose (node:_http_server:839:3)\n    at Socket.emit (node:events:520:35)\n    at TCP.<anonymous> (node:net:346:12)"
}
2026-03-21 11:44:02 [ERROR]: [400] request aborted {
  "path": "/",
  "method": "GET",
  "error": "BadRequestError: request aborted\n    at IncomingMessage.onAborted (C:\\Users\\aakas\\OneDrive\\Desktop\\e-mistiri\\server\\services\\user-services\\node_modules\\raw-body\\index.js:245:10)\n    at IncomingMessage.emit (node:events:508:28)\n    at IncomingMessage._destroy (node:_http_incoming:221:10)\n    at _destroy (node:internal/streams/destroy:122:10)\n    at IncomingMessage.destroy (node:internal/streams/destroy:84:5)\n    at abortIncoming (node:_http_server:845:9)\n    at socketOnClose (node:_http_server:839:3)\n    at Socket.emit (node:events:520:35)\n    at TCP.<anonymous> (node:net:346:12)"
}
2026-03-21 11:44:23 [ERROR]: [400] request aborted {
  "path": "/",
  "method": "GET",
  "error": "BadRequestError: request aborted\n    at IncomingMessage.onAborted (C:\\Users\\aakas\\OneDrive\\Desktop\\e-mistiri\\server\\services\\user-services\\node_modules\\raw-body\\index.js:245:10)\n    at IncomingMessage.emit (node:events:508:28)\n    at IncomingMessage._destroy (node:_http_incoming:221:10)\n    at _destroy (node:internal/streams/destroy:122:10)\n    at IncomingMessage.destroy (node:internal/streams/destroy:84:5)\n    at abortIncoming (node:_http_server:845:9)\n    at socketOnClose (node:_http_server:839:3)\n    at Socket.emit (node:events:520:35)\n    at TCP.<anonymous> (node:net:346:12)"
}
2026-03-21 11:45:51 [ERROR]: [400] request aborted {
  "path": "/approved",
  "method": "GET",
  "error": "BadRequestError: request aborted\n    at IncomingMessage.onAborted (C:\\Users\\aakas\\OneDrive\\Desktop\\e-mistiri\\server\\services\\user-services\\node_modules\\raw-body\\index.js:245:10)\n    at IncomingMessage.emit (node:events:508:28)\n    at IncomingMessage._destroy (node:_http_incoming:221:10)\n    at _destroy (node:internal/streams/destroy:122:10)\n    at IncomingMessage.destroy (node:internal/streams/destroy:84:5)\n    at abortIncoming (node:_http_server:845:9)\n    at socketOnClose (node:_http_server:839:3)\n    at Socket.emit (node:events:520:35)\n    at TCP.<anonymous> (node:net:346:12)"
}
2026-03-21 11:47:08 [ERROR]: [400] request aborted {
  "path": "/approved",
  "method": "GET",
  "error": "BadRequestError: request aborted\n    at IncomingMessage.onAborted (C:\\Users\\aakas\\OneDrive\\Desktop\\e-mistiri\\server\\services\\user-services\\node_modules\\raw-body\\index.js:245:10)\n    at IncomingMessage.emit (node:events:508:28)\n    at IncomingMessage._destroy (node:_http_incoming:221:10)\n    at _destroy (node:internal/streams/destroy:122:10)\n    at IncomingMessage.destroy (node:internal/streams/destroy:84:5)\n    at abortIncoming (node:_http_server:845:9)\n    at socketOnClose (node:_http_server:839:3)\n    at Socket.emit (node:events:520:35)\n    at TCP.<anonymous> (node:net:346:12)"
}
2026-03-21 11:47:18 [INFO]: GET /approved - 404 - 1ms 
2026-03-21 11:49:49 [INFO]: GET /approved - 200 - 4ms 
2026-03-21 11:50:23 [ERROR]: [500] Cast to ObjectId failed for value "health" (type string) at path "_id" for model "Garage" {
  "path": "/api/v1/garage/health",
  "method": "GET",
  "error": "CastError: Cast to ObjectId failed for value \"health\" (type string) at path \"_id\" for model \"Garage\"\n    at SchemaObjectId.cast (C:\\Users\\aakas\\OneDrive\\Desktop\\e-mistiri\\server\\services\\user-services\\node_modules\\mongoose\\lib\\schema\\objectId.js:253:11)\n    at SchemaType.applySetters (C:\\Users\\aakas\\OneDrive\\Desktop\\e-mistiri\\server\\services\\user-services\\node_modules\\mongoose\\lib\\schemaType.js:1287:12)\n    at SchemaType.castForQuery (C:\\Users\\aakas\\OneDrive\\Desktop\\e-mistiri\\server\\services\\user-services\\node_modules\\mongoose\\lib\\schemaType.js:1713:17)\n    at cast (C:\\Users\\aakas\\OneDrive\\Desktop\\e-mistiri\\server\\services\\user-services\\node_modules\\mongoose\\lib\\cast.js:386:32)\n    at Query.cast (C:\\Users\\aakas\\OneDrive\\Desktop\\e-mistiri\\server\\services\\user-services\\node_modules\\mongoose\\lib\\query.js:5127:12)\n    at Query._castConditions (C:\\Users\\aakas\\OneDrive\\Desktop\\e-mistiri\\server\\services\\user-services\\node_modules\\mongoose\\lib\\query.js:2376:10)\n    at model.Query._findOne (C:\\Users\\aakas\\OneDrive\\Desktop\\e-mistiri\\server\\services\\user-services\\node_modules\\mongoose\\lib\\query.js:2716:8)\n    at model.Query.exec (C:\\Users\\aakas\\OneDrive\\Desktop\\e-mistiri\\server\\services\\user-services\\node_modules\\mongoose\\lib\\query.js:4726:80)\n    at process.processTicksAndRejections (node:internal/process/task_queues:104:5)\n    at async Module.getGarageById (file:///C:/Users/aakas/OneDrive/Desktop/e-mistiri/server/services/user-services/src/modules/garage/garage.repository.js:16:10)"
}
2026-03-21 11:50:23 [INFO]: GET /api/v1/garage/health - 500 - 6ms 
2026-03-21 11:50:49 [ERROR]: [500] Cast to ObjectId failed for value "health" (type string) at path "_id" for model "Garage" {
  "path": "/api/v1/garage/health",
  "method": "GET",
  "error": "CastError: Cast to ObjectId failed for value \"health\" (type string) at path \"_id\" for model \"Garage\"\n    at SchemaObjectId.cast (C:\\Users\\aakas\\OneDrive\\Desktop\\e-mistiri\\server\\services\\user-services\\node_modules\\mongoose\\lib\\schema\\objectId.js:253:11)\n    at SchemaType.applySetters (C:\\Users\\aakas\\OneDrive\\Desktop\\e-mistiri\\server\\services\\user-services\\node_modules\\mongoose\\lib\\schemaType.js:1287:12)\n    at SchemaType.castForQuery (C:\\Users\\aakas\\OneDrive\\Desktop\\e-mistiri\\server\\services\\user-services\\node_modules\\mongoose\\lib\\schemaType.js:1713:17)\n    at cast (C:\\Users\\aakas\\OneDrive\\Desktop\\e-mistiri\\server\\services\\user-services\\node_modules\\mongoose\\lib\\cast.js:386:32)\n    at Query.cast (C:\\Users\\aakas\\OneDrive\\Desktop\\e-mistiri\\server\\services\\user-services\\node_modules\\mongoose\\lib\\query.js:5127:12)\n    at Query._castConditions (C:\\Users\\aakas\\OneDrive\\Desktop\\e-mistiri\\server\\services\\user-services\\node_modules\\mongoose\\lib\\query.js:2376:10)\n    at model.Query._findOne (C:\\Users\\aakas\\OneDrive\\Desktop\\e-mistiri\\server\\services\\user-services\\node_modules\\mongoose\\lib\\query.js:2716:8)\n    at model.Query.exec (C:\\Users\\aakas\\OneDrive\\Desktop\\e-mistiri\\server\\services\\user-services\\node_modules\\mongoose\\lib\\query.js:4726:80)\n    at process.processTicksAndRejections (node:internal/process/task_queues:104:5)\n    at async Module.getGarageById (file:///C:/Users/aakas/OneDrive/Desktop/e-mistiri/server/services/user-services/src/modules/garage/garage.repository.js:16:10)"
}
2026-03-21 11:50:49 [INFO]: GET /api/v1/garage/health - 500 - 3ms 
2026-03-21 11:51:22 [ERROR]: [500] Cast to ObjectId failed for value "health" (type string) at path "_id" for model "Garage" {
  "path": "/api/v1/garage/health",
  "method": "GET",
  "error": "CastError: Cast to ObjectId failed for value \"health\" (type string) at path \"_id\" for model \"Garage\"\n    at SchemaObjectId.cast (C:\\Users\\aakas\\OneDrive\\Desktop\\e-mistiri\\server\\services\\user-services\\node_modules\\mongoose\\lib\\schema\\objectId.js:253:11)\n    at SchemaType.applySetters (C:\\Users\\aakas\\OneDrive\\Desktop\\e-mistiri\\server\\services\\user-services\\node_modules\\mongoose\\lib\\schemaType.js:1287:12)\n    at SchemaType.castForQuery (C:\\Users\\aakas\\OneDrive\\Desktop\\e-mistiri\\server\\services\\user-services\\node_modules\\mongoose\\lib\\schemaType.js:1713:17)\n    at cast (C:\\Users\\aakas\\OneDrive\\Desktop\\e-mistiri\\server\\services\\user-services\\node_modules\\mongoose\\lib\\cast.js:386:32)\n    at Query.cast (C:\\Users\\aakas\\OneDrive\\Desktop\\e-mistiri\\server\\services\\user-services\\node_modules\\mongoose\\lib\\query.js:5127:12)\n    at Query._castConditions (C:\\Users\\aakas\\OneDrive\\Desktop\\e-mistiri\\server\\services\\user-services\\node_modules\\mongoose\\lib\\query.js:2376:10)\n    at model.Query._findOne (C:\\Users\\aakas\\OneDrive\\Desktop\\e-mistiri\\server\\services\\user-services\\node_modules\\mongoose\\lib\\query.js:2716:8)\n    at model.Query.exec (C:\\Users\\aakas\\OneDrive\\Desktop\\e-mistiri\\server\\services\\user-services\\node_modules\\mongoose\\lib\\query.js:4726:80)\n    at process.processTicksAndRejections (node:internal/process/task_queues:104:5)\n    at async Module.getGarageById (file:///C:/Users/aakas/OneDrive/Desktop/e-mistiri/server/services/user-services/src/modules/garage/garage.repository.js:16:10)"
}
2026-03-21 11:51:22 [INFO]: GET /api/v1/garage/health - 500 - 3ms 
2026-03-21 11:53:01 [INFO]: GET /health - 500 - 1ms 
2026-03-21 11:53:14 [INFO]: GET /send-otp - 500 - 2ms 
2026-03-21 11:53:46 [INFO]: POST /api/v1/user/send-otp - 404 - 0ms 
2026-03-21 11:59:44 [INFO]: GET / - 200 - 4ms 
2026-03-21 12:01:26 [INFO]: GET / - 200 - 12ms 
2026-03-21 12:03:15 [INFO]: GET / - 200 - 7ms 
2026-03-21 12:03:16 [INFO]: GET / - 200 - 4ms 
2026-03-21 12:03:17 [INFO]: GET / - 200 - 4ms 
2026-03-21 12:03:18 [INFO]: GET / - 200 - 3ms 
2026-03-21 12:03:18 [INFO]: GET / - 200 - 2ms 
2026-03-21 12:03:19 [INFO]: GET / - 200 - 4ms 
2026-03-21 12:03:20 [INFO]: GET / - 200 - 2ms 
2026-03-21 12:03:20 [INFO]: GET / - 200 - 5ms 
2026-03-21 12:03:21 [INFO]: GET / - 200 - 4ms 
2026-03-21 12:03:22 [INFO]: GET / - 200 - 4ms 
2026-03-21 12:03:22 [INFO]: GET / - 200 - 3ms 
2026-03-21 12:03:23 [INFO]: GET / - 200 - 3ms 
2026-03-21 12:03:24 [INFO]: GET / - 200 - 3ms 
2026-03-21 12:08:05 [ERROR]: [400] request aborted {
  "path": "/api/v1/user/",
  "method": "GET",
  "error": "BadRequestError: request aborted\n    at IncomingMessage.onAborted (C:\\Users\\aakas\\OneDrive\\Desktop\\e-mistiri\\server\\services\\user-services\\node_modules\\raw-body\\index.js:245:10)\n    at IncomingMessage.emit (node:events:508:28)\n    at IncomingMessage._destroy (node:_http_incoming:221:10)\n    at _destroy (node:internal/streams/destroy:122:10)\n    at IncomingMessage.destroy (node:internal/streams/destroy:84:5)\n    at abortIncoming (node:_http_server:845:9)\n    at socketOnClose (node:_http_server:839:3)\n    at Socket.emit (node:events:520:35)\n    at TCP.<anonymous> (node:net:346:12)"
}
2026-03-21 12:08:05 [ERROR]: [400] request aborted {
  "path": "/api/v1/user/",
  "method": "GET",
  "error": "BadRequestError: request aborted\n    at IncomingMessage.onAborted (C:\\Users\\aakas\\OneDrive\\Desktop\\e-mistiri\\server\\services\\user-services\\node_modules\\raw-body\\index.js:245:10)\n    at IncomingMessage.emit (node:events:508:28)\n    at IncomingMessage._destroy (node:_http_incoming:221:10)\n    at _destroy (node:internal/streams/destroy:122:10)\n    at IncomingMessage.destroy (node:internal/streams/destroy:84:5)\n    at abortIncoming (node:_http_server:845:9)\n    at socketOnClose (node:_http_server:839:3)\n    at Socket.emit (node:events:520:35)\n    at TCP.<anonymous> (node:net:346:12)"
}
2026-03-21 12:08:05 [ERROR]: [400] request aborted {
  "path": "/api/v1/user/",
  "method": "GET",
  "error": "BadRequestError: request aborted\n    at IncomingMessage.onAborted (C:\\Users\\aakas\\OneDrive\\Desktop\\e-mistiri\\server\\services\\user-services\\node_modules\\raw-body\\index.js:245:10)\n    at IncomingMessage.emit (node:events:508:28)\n    at IncomingMessage._destroy (node:_http_incoming:221:10)\n    at _destroy (node:internal/streams/destroy:122:10)\n    at IncomingMessage.destroy (node:internal/streams/destroy:84:5)\n    at abortIncoming (node:_http_server:845:9)\n    at socketOnClose (node:_http_server:839:3)\n    at Socket.emit (node:events:520:35)\n    at TCP.<anonymous> (node:net:346:12)"
}
2026-03-21 12:08:30 [INFO]: GET / - 200 - 2ms 
2026-03-21 12:25:00 [INFO]: GET /69bd2cd4c4fa6daa41a51a3b - 200 - 9ms 
2026-03-21 12:25:26 [INFO]: POST / - 400 - 13ms 
2026-03-21 12:25:36 [INFO]: POST / - 201 - 17ms 
2026-03-21 12:28:18 [INFO]: GET /phone/9812972024 - 200 - 3ms 
2026-03-21 12:29:57 [INFO]: POST /api/v1/userAuth/login%20%20%20 - 404 - 0ms 
2026-03-21 12:32:51 [INFO]: GET /phone/9812972024 - 200 - 5ms 
2026-03-21 12:33:18 [INFO]: GET /phone/9812972024 - 200 - 2ms 
2026-03-21 12:33:24 [INFO]: GET /phone/9812972024 - 200 - 2ms 
2026-03-21 12:33:46 [INFO]: GET /phone/9812972024 - 200 - 1ms 
2026-03-21 12:33:55 [INFO]: GET /phone/9812972024 - 200 - 3ms 
2026-03-21 12:35:52 [INFO]: GET / - 200 - 2ms 
2026-03-21 14:54:24 [INFO]: GET / - 200 - 6ms 
2026-03-21 15:00:25 [INFO]: GET / - 200 - 4ms 
2026-03-21 15:00:35 [INFO]: GET / - 200 - 3ms 
2026-03-21 15:02:43 [INFO]: GET / - 200 - 5ms 
2026-03-21 15:05:41 [INFO]: GET / - 200 - 2ms 
2026-03-21 15:05:54 [INFO]: GET / - 200 - 2ms 
2026-03-21 15:07:29 [INFO]: GET / - 200 - 3ms 
2026-03-21 15:07:34 [INFO]: GET / - 200 - 3ms 
2026-03-21 15:08:12 [INFO]: GET / - 200 - 14ms 
2026-03-21 15:10:32 [INFO]: GET / - 200 - 18ms 
2026-03-21 15:10:55 [INFO]: GET / - 200 - 5ms 
2026-03-21 15:11:25 [INFO]: GET / - 200 - 15ms 
2026-03-21 15:11:34 [INFO]: GET / - 200 - 4ms 
2026-03-21 15:11:36 [INFO]: GET / - 200 - 3ms 
2026-03-21 15:11:39 [INFO]: GET / - 200 - 5ms 
2026-03-21 15:11:41 [INFO]: GET / - 200 - 2ms 
2026-03-21 15:15:22 [INFO]: GET / - 200 - 4ms 
2026-03-21 15:15:27 [INFO]: GET / - 200 - 2ms 
2026-03-21 15:15:41 [INFO]: GET / - 200 - 1ms 
2026-03-21 15:15:45 [INFO]: GET / - 200 - 3ms 
2026-03-21 15:15:57 [INFO]: GET / - 200 - 2ms 
2026-03-21 15:22:55 [INFO]: GET / - 200 - 12ms 
2026-03-21 15:23:01 [INFO]: GET / - 200 - 3ms 
2026-03-21 15:23:02 [INFO]: GET / - 200 - 1ms 
2026-03-21 15:23:02 [INFO]: GET / - 200 - 2ms 
2026-03-21 15:23:03 [INFO]: GET / - 200 - 2ms 
2026-03-21 15:23:04 [INFO]: GET / - 200 - 2ms 
2026-03-21 15:23:04 [INFO]: GET / - 200 - 3ms 
2026-03-21 15:23:05 [INFO]: GET / - 200 - 2ms 
2026-03-21 15:23:06 [INFO]: GET / - 200 - 2ms 
2026-03-21 15:23:06 [INFO]: GET / - 200 - 2ms 
2026-03-21 15:23:07 [INFO]: GET / - 200 - 1ms 
2026-03-21 15:23:08 [INFO]: GET / - 200 - 1ms 
2026-03-21 15:23:26 [INFO]: GET / - 200 - 4ms 
2026-03-21 15:23:27 [INFO]: GET / - 200 - 2ms 
2026-03-21 15:23:27 [INFO]: GET / - 200 - 2ms 
2026-03-21 15:23:28 [INFO]: GET / - 200 - 2ms 
2026-03-21 15:23:29 [INFO]: GET / - 200 - 2ms 
2026-03-21 15:23:30 [INFO]: GET / - 200 - 2ms 
2026-03-21 15:23:31 [INFO]: GET / - 200 - 3ms 
2026-03-21 15:23:31 [INFO]: GET / - 200 - 1ms 
2026-03-21 15:23:32 [INFO]: GET / - 200 - 1ms 
2026-03-21 15:23:33 [INFO]: GET / - 200 - 3ms 
2026-03-21 15:23:33 [INFO]: GET / - 200 - 2ms 
2026-03-21 15:23:34 [INFO]: GET / - 200 - 2ms 
2026-03-21 15:23:35 [INFO]: GET / - 200 - 2ms 
2026-03-21 15:23:36 [INFO]: GET / - 200 - 1ms 
2026-03-21 15:23:56 [INFO]: GET / - 200 - 3ms 
2026-03-21 15:23:56 [INFO]: GET / - 200 - 2ms 
2026-03-21 15:24:00 [INFO]: GET / - 200 - 1ms 
2026-03-21 15:24:00 [INFO]: GET / - 200 - 2ms 
2026-03-21 15:24:02 [INFO]: GET / - 200 - 2ms 
2026-03-21 15:25:06 [INFO]: GET / - 200 - 3ms 
2026-03-21 15:25:07 [INFO]: GET / - 200 - 4ms 
2026-03-21 15:25:08 [INFO]: GET / - 200 - 1ms 
2026-03-21 15:25:09 [INFO]: GET / - 200 - 2ms 
2026-03-21 15:25:09 [INFO]: GET / - 200 - 2ms 
2026-03-21 15:25:10 [INFO]: GET / - 200 - 4ms 
2026-03-21 15:25:11 [INFO]: GET / - 200 - 3ms 
2026-03-21 15:25:11 [INFO]: GET / - 200 - 3ms 
2026-03-21 15:25:12 [INFO]: GET / - 200 - 3ms 
2026-03-21 15:25:13 [INFO]: GET / - 200 - 2ms 
2026-03-21 15:25:13 [INFO]: GET / - 200 - 2ms 
2026-03-21 15:25:14 [INFO]: GET / - 200 - 3ms 
2026-03-21 15:25:16 [INFO]: GET / - 200 - 13ms 
2026-03-21 15:26:35 [INFO]: GET / - 200 - 4ms 
2026-03-21 15:26:35 [INFO]: GET / - 200 - 2ms 
2026-03-21 15:26:36 [INFO]: GET / - 200 - 2ms 
2026-03-21 15:26:37 [INFO]: GET / - 200 - 2ms 
2026-03-21 15:26:38 [INFO]: GET / - 200 - 3ms 
2026-03-21 15:26:38 [INFO]: GET / - 200 - 2ms 
2026-03-21 15:26:39 [INFO]: GET / - 200 - 2ms 
2026-03-21 15:26:40 [INFO]: GET / - 200 - 3ms 
2026-03-21 15:26:41 [INFO]: GET / - 200 - 2ms 
2026-03-21 15:26:41 [INFO]: GET / - 200 - 2ms 
2026-03-21 15:30:43 [INFO]: GET / - 200 - 1ms 
2026-03-21 15:32:41 [INFO]: GET / - 200 - 2ms 
2026-03-21 16:28:20 [INFO]: POST / - 400 - 17ms 
2026-03-21 16:28:46 [ERROR]: [400] Expected double-quoted property name in JSON at position 35 (line 4 column 1) {
  "path": "/api/v1/user/",
  "method": "POST",
  "error": "SyntaxError: Expected double-quoted property name in JSON at position 35 (line 4 column 1)\n    at JSON.parse (<anonymous>)\n    at parse (C:\\Users\\aakas\\OneDrive\\Desktop\\e-mistiri\\server\\services\\user-services\\node_modules\\body-parser\\lib\\types\\json.js:72:19)\n    at C:\\Users\\aakas\\OneDrive\\Desktop\\e-mistiri\\server\\services\\user-services\\node_modules\\body-parser\\lib\\read.js:162:18\n    at AsyncResource.runInAsyncScope (node:async_hooks:228:14)\n    at invokeCallback (C:\\Users\\aakas\\OneDrive\\Desktop\\e-mistiri\\server\\services\\user-services\\node_modules\\raw-body\\index.js:238:16)\n    at done (C:\\Users\\aakas\\OneDrive\\Desktop\\e-mistiri\\server\\services\\user-services\\node_modules\\raw-body\\index.js:227:7)\n    at IncomingMessage.onEnd (C:\\Users\\aakas\\OneDrive\\Desktop\\e-mistiri\\server\\services\\user-services\\node_modules\\raw-body\\index.js:287:7)\n    at IncomingMessage.emit (node:events:508:28)\n    at endReadableNT (node:internal/streams/readable:1729:12)\n    at process.processTicksAndRejections (node:internal/process/task_queues:90:21)"
}
2026-03-21 16:28:49 [INFO]: POST / - 201 - 10ms 
2026-03-21 16:29:01 [INFO]: GET / - 200 - 7ms 
