{"level":"info","message":"Producer connected","service":"chat-service","timestamp":"2026-08-04 12:11:50"}
{"level":"info","message":"Message sent to Kafka","service":"chat-service","timestamp":"2026-08-04 12:11:50","topic":"chat-message"}
{"level":"info","message":"Producer connected","service":"chat-service","timestamp":"2026-08-04 12:14:37"}
{"level":"info","message":"Message sent to Kafka","service":"chat-service","timestamp":"2026-08-04 12:14:37","topic":"chat-message"}
{"level":"info","message":"Producer connected","service":"chat-service","timestamp":"2026-08-04 12:14:55"}
{"level":"info","message":"Message sent to Kafka","service":"chat-service","timestamp":"2026-08-04 12:14:55","topic":"chat-message"}
{"level":"info","message":"Producer connected","service":"chat-service","timestamp":"2026-08-04 12:16:45"}
{"level":"info","message":"Message sent to Kafka","service":"chat-service","timestamp":"2026-08-04 12:16:45","topic":"chat-message"}
{"level":"info","message":"Producer connected","service":"chat-service","timestamp":"2026-08-04 12:17:50"}
{"level":"info","message":"Message sent to Kafka","service":"chat-service","timestamp":"2026-08-04 12:17:50","topic":"chat-message"}
{"level":"info","message":"Kafka consumer connected","service":"chat-service","timestamp":"2026-08-04 12:17:50"}
{"level":"info","message":"Producer connected","service":"chat-service","timestamp":"2026-08-04 12:18:25"}
{"level":"info","message":"Kafka consumer connected","service":"chat-service","timestamp":"2026-08-04 12:18:25"}
{"level":"info","message":"Message sent to Kafka","service":"chat-service","timestamp":"2026-08-04 12:18:25","topic":"chat-message"}
{"level":"info","message":"Producer connected","service":"chat-service","timestamp":"2026-08-04 12:19:11"}
{"level":"info","message":"Kafka consumer connected","service":"chat-service","timestamp":"2026-08-04 12:19:11"}
{"level":"info","message":"Message sent to Kafka","service":"chat-service","timestamp":"2026-08-04 12:19:11","topic":"chat-message"}
{"level":"info","message":"Producer connected","service":"chat-service","timestamp":"2026-08-04 12:20:49"}
{"level":"info","message":"Kafka consumer connected","service":"chat-service","timestamp":"2026-08-04 12:20:49"}
{"level":"info","message":"Message sent to Kafka","service":"chat-service","timestamp":"2026-08-04 12:20:49","topic":"chat-message"}
{"level":"info","message":"Producer connected","service":"chat-service","timestamp":"2026-08-04 12:21:58"}
{"level":"info","message":"Kafka consumer connected","service":"chat-service","timestamp":"2026-08-04 12:21:58"}
{"level":"info","message":"Message sent to Kafka","service":"chat-service","timestamp":"2026-08-04 12:21:58","topic":"chat-message"}
{"level":"info","message":"Producer disconnected","service":"chat-service","timestamp":"2026-08-04 12:21:58"}
{"level":"info","message":"Producer connected","service":"chat-service","timestamp":"2026-08-04 12:29:58"}
{"level":"info","message":"Kafka consumer connected","service":"chat-service","timestamp":"2026-08-04 12:29:58"}
{"level":"info","message":"Message sent to Kafka","service":"chat-service","timestamp":"2026-08-04 12:29:58","topic":"chat-message"}
{"level":"info","message":"Producer disconnected","service":"chat-service","timestamp":"2026-08-04 12:29:58"}
{"level":"info","message":"Producer connected","service":"chat-service","timestamp":"2026-08-04 13:01:18"}
{"level":"info","message":"Kafka consumer connected","service":"chat-service","timestamp":"2026-08-04 13:01:18"}
{"level":"info","message":"Message sent to Kafka","service":"chat-service","timestamp":"2026-08-04 13:01:18","topic":"chat-message"}
{"level":"info","message":"Producer disconnected","service":"chat-service","timestamp":"2026-08-04 13:01:18"}
{"level":"info","message":"Producer connected","service":"chat-service","timestamp":"2026-08-04 13:01:30"}
{"level":"info","message":"Kafka consumer connected","service":"chat-service","timestamp":"2026-08-04 13:01:30"}
{"level":"info","message":"Message sent to Kafka","service":"chat-service","timestamp":"2026-08-04 13:01:30","topic":"chat-message"}
{"level":"info","message":"Producer disconnected","service":"chat-service","timestamp":"2026-08-04 13:01:30"}
{"level":"info","message":"Producer connected","service":"chat-service","timestamp":"2026-08-04 13:18:06"}
{"level":"info","message":"Kafka consumer connected","service":"chat-service","timestamp":"2026-08-04 13:18:06"}
{"level":"info","message":"Message sent to Kafka","service":"chat-service","timestamp":"2026-08-04 13:18:06","topic":"chat-message"}
{"level":"info","message":"Producer disconnected","service":"chat-service","timestamp":"2026-08-04 13:18:06"}
{"level":"info","message":"DB connected","service":"chat-service","timestamp":"2026-08-04 13:44:10"}
{"level":"info","message":"DB connected","service":"chat-service","timestamp":"2026-08-04 13:53:38"}
{"error":"Connection error: ","level":"error","message":"Error creating topic","service":"chat-service","timestamp":"2026-08-04 13:53:55"}
{"error":"Connection error: ","level":"error","message":"Startup error","service":"chat-service","timestamp":"2026-08-04 13:55:00"}
{"level":"info","message":"Producer connected","service":"chat-service","timestamp":"2026-08-04 14:01:52"}
{"level":"info","message":"Kafka consumer connected","service":"chat-service","timestamp":"2026-08-04 14:01:52"}
{"level":"info","message":"Message sent to Kafka","service":"chat-service","timestamp":"2026-08-04 14:01:52","topic":"chat-message"}
{"level":"info","message":"Producer disconnected","service":"chat-service","timestamp":"2026-08-04 14:01:52"}
{"level":"info","message":"Producer connected","service":"chat-service","timestamp":"2026-08-04 14:12:10"}
{"level":"info","message":"Kafka consumer connected","service":"chat-service","timestamp":"2026-08-04 14:12:10"}
{"level":"info","message":"Message sent to Kafka","service":"chat-service","timestamp":"2026-08-04 14:12:10","topic":"chat-message"}
{"level":"info","message":"Producer disconnected","service":"chat-service","timestamp":"2026-08-04 14:12:10"}
