2026-03-21 10:56:24 [INFO] API-GATEWAY: GET /health - 200 {
  "method": "GET",
  "path": "/health",
  "statusCode": 200,
  "duration": "4ms",
  "ip": "::1",
  "userAgent": "PostmanRuntime/7.52.0"
}
2026-03-21 10:57:33 [WARN] API-GATEWAY: GET /api/v1/userAuth/send-otp - 504 {
  "method": "GET",
  "path": "/api/v1/userAuth/send-otp",
  "statusCode": 504,
  "duration": "10ms",
  "ip": "::1",
  "userAgent": "PostmanRuntime/7.52.0"
}
2026-03-21 10:57:41 [WARN] API-GATEWAY: POST /api/v1/userAuth/send-otp - 504 {
  "method": "POST",
  "path": "/api/v1/userAuth/send-otp",
  "statusCode": 504,
  "duration": "2ms",
  "ip": "::1",
  "userAgent": "PostmanRuntime/7.52.0"
}
2026-03-21 10:58:49 [WARN] API-GATEWAY: POST /api/v1/userAuth/send-otp - 504 {
  "method": "POST",
  "path": "/api/v1/userAuth/send-otp",
  "statusCode": 504,
  "duration": "4ms",
  "ip": "::1",
  "userAgent": "PostmanRuntime/7.52.0"
}
2026-03-21 10:59:22 [WARN] API-GATEWAY: POST /api/v1/userAuth/send-otp - 504 {
  "method": "POST",
  "path": "/api/v1/userAuth/send-otp",
  "statusCode": 504,
  "duration": "3ms",
  "ip": "::1",
  "userAgent": "PostmanRuntime/7.52.0"
}
2026-03-21 10:59:48 [WARN] API-GATEWAY: POST /api/v1/userAuth/send-otp - 504 {
  "method": "POST",
  "path": "/api/v1/userAuth/send-otp",
  "statusCode": 504,
  "duration": "7ms",
  "ip": "::1",
  "userAgent": "PostmanRuntime/7.52.0"
}
2026-03-21 11:13:04 [WARN] API-GATEWAY: POST /api/v1/userAuth/send-otp - 504 {
  "method": "POST",
  "path": "/api/v1/userAuth/send-otp",
  "statusCode": 504,
  "duration": "20ms",
  "ip": "::1",
  "userAgent": "PostmanRuntime/7.52.0"
}
2026-03-21 11:47:18 [WARN] API-GATEWAY: GET /approved - 404 {
  "method": "GET",
  "path": "/approved",
  "statusCode": 404,
  "duration": "16ms",
  "ip": "::1",
  "userAgent": "PostmanRuntime/7.52.0"
}
2026-03-21 11:49:49 [INFO] API-GATEWAY: GET /api/v1/garage/approved - 200 {
  "method": "GET",
  "path": "/api/v1/garage/approved",
  "statusCode": 200,
  "duration": "26ms",
  "ip": "::1",
  "userAgent": "PostmanRuntime/7.52.0"
}
2026-03-21 11:50:23 [WARN] API-GATEWAY: GET /api/v1/garage/health - 500 {
  "method": "GET",
  "path": "/api/v1/garage/health",
  "statusCode": 500,
  "duration": "11ms",
  "ip": "::1",
  "userAgent": "PostmanRuntime/7.52.0"
}
2026-03-21 11:50:49 [WARN] API-GATEWAY: GET /api/v1/garage/health - 500 {
  "method": "GET",
  "path": "/api/v1/garage/health",
  "statusCode": 500,
  "duration": "9ms",
  "ip": "::1",
  "userAgent": "PostmanRuntime/7.52.0"
}
2026-03-21 11:51:22 [WARN] API-GATEWAY: GET /api/v1/garage/health - 500 {
  "method": "GET",
  "path": "/api/v1/garage/health",
  "statusCode": 500,
  "duration": "8ms",
  "ip": "::1",
  "userAgent": "PostmanRuntime/7.52.0"
}
2026-03-21 11:53:01 [WARN] API-GATEWAY: GET /api/v1/user/health - 500 {
  "method": "GET",
  "path": "/api/v1/user/health",
  "statusCode": 500,
  "duration": "6ms",
  "ip": "::1",
  "userAgent": "PostmanRuntime/7.52.0"
}
2026-03-21 11:53:14 [WARN] API-GATEWAY: GET /api/v1/user/send-otp - 500 {
  "method": "GET",
  "path": "/api/v1/user/send-otp",
  "statusCode": 500,
  "duration": "6ms",
  "ip": "::1",
  "userAgent": "PostmanRuntime/7.52.0"
}
2026-03-21 11:53:46 [WARN] API-GATEWAY: POST /api/v1/user/send-otp - 404 {
  "method": "POST",
  "path": "/api/v1/user/send-otp",
  "statusCode": 404,
  "duration": "4ms",
  "ip": "::1",
  "userAgent": "PostmanRuntime/7.52.0"
}
2026-03-21 11:54:11 [WARN] API-GATEWAY: POST /api/v1/userAuth/send-otp - 500 {
  "method": "POST",
  "path": "/api/v1/userAuth/send-otp",
  "statusCode": 500,
  "duration": "27ms",
  "ip": "::1",
  "userAgent": "PostmanRuntime/7.52.0"
}
2026-03-21 11:54:36 [INFO] API-GATEWAY: POST /api/v1/userAuth/send-otp - 200 {
  "method": "POST",
  "path": "/api/v1/userAuth/send-otp",
  "statusCode": 200,
  "duration": "1385ms",
  "ip": "::1",
  "userAgent": "PostmanRuntime/7.52.0"
}
2026-03-21 11:55:09 [WARN] API-GATEWAY: POST /api/v1/userAuth/verify-otp - 500 {
  "method": "POST",
  "path": "/api/v1/userAuth/verify-otp",
  "statusCode": 500,
  "duration": "16ms",
  "ip": "::1",
  "userAgent": "PostmanRuntime/7.52.0"
}
2026-03-21 14:54:24 [INFO] API-GATEWAY: GET /api/v1/user/ - 200 {
  "method": "GET",
  "path": "/api/v1/user/",
  "statusCode": 200,
  "duration": "47ms",
  "ip": "::1",
  "userAgent": "PostmanRuntime/7.52.0"
}
